--- dump_freeyolo_crowdhuman_coco_dt (yolo_free_nano) ---
==============================
Config: YOLO_FREE_NANO ...
==============================
Build YOLO_FREE_NANO ...
==============================
Model Configuration: 
 {'train_size': 640, 'test_size': 640, 'random_size': [320, 352, 384, 416, 448, 480, 512, 544, 576, 608, 640], 'mosaic_prob': 1.0, 'mixup_prob': 0.05, 'format': 'RGB', 'trans_config': {'degrees': 0.0, 'translate': 0.1, 'scale': 0.5, 'shear': 0.0, 'perspective': 0.0, 'hsv_h': 0.015, 'hsv_s': 0.7, 'hsv_v': 0.4}, 'backbone': 'shufflenetv2_1.0x', 'pretrained': True, 'stride': [8, 16, 32], 'neck': 'sppf', 'neck_dim': 232, 'expand_ratio': 0.5, 'pooling_size': 5, 'neck_act': 'lrelu', 'neck_norm': 'BN', 'neck_depthwise': True, 'fpn': 'elan_pafpn', 'fpn_size': 'nano', 'fpn_dim': [116, 232, 232], 'fpn_norm': 'BN', 'fpn_act': 'lrelu', 'fpn_depthwise': True, 'head': 'decoupled_head', 'head_dim': 64, 'head_norm': 'BN', 'head_act': 'lrelu', 'num_cls_head': 2, 'num_reg_head': 2, 'head_depthwise': True, 'head_conv_elan': False, 'matcher': {'center_sampling_radius': 2.5, 'topk_candicate': 10}, 'loss_obj_weight': 1.0, 'loss_cls_weight': 1.0, 'loss_reg_weight': 5.0, 'no_aug_epoch': 15, 'base_lr': 0.00015625, 'min_lr_ratio': 0.05, 'optimizer': 'sgd', 'momentum': 0.9, 'weight_decay': 0.0005, 'warmup': 'linear', 'warmup_factor': 0.00066667, 'wp_epoch': 1}
==============================
Build YOLO_FREE_NANO ...
==============================
Model Configuration: 
 {'train_size': 640, 'test_size': 640, 'random_size': [320, 352, 384, 416, 448, 480, 512, 544, 576, 608, 640], 'mosaic_prob': 1.0, 'mixup_prob': 0.05, 'format': 'RGB', 'trans_config': {'degrees': 0.0, 'translate': 0.1, 'scale': 0.5, 'shear': 0.0, 'perspective': 0.0, 'hsv_h': 0.015, 'hsv_s': 0.7, 'hsv_v': 0.4}, 'backbone': 'shufflenetv2_1.0x', 'pretrained': True, 'stride': [8, 16, 32], 'neck': 'sppf', 'neck_dim': 232, 'expand_ratio': 0.5, 'pooling_size': 5, 'neck_act': 'lrelu', 'neck_norm': 'BN', 'neck_depthwise': True, 'fpn': 'elan_pafpn', 'fpn_size': 'nano', 'fpn_dim': [116, 232, 232], 'fpn_norm': 'BN', 'fpn_act': 'lrelu', 'fpn_depthwise': True, 'head': 'decoupled_head', 'head_dim': 64, 'head_norm': 'BN', 'head_act': 'lrelu', 'num_cls_head': 2, 'num_reg_head': 2, 'head_depthwise': True, 'head_conv_elan': False, 'matcher': {'center_sampling_radius': 2.5, 'topk_candicate': 10}, 'loss_obj_weight': 1.0, 'loss_cls_weight': 1.0, 'loss_reg_weight': 5.0, 'no_aug_epoch': 15, 'base_lr': 0.00015625, 'min_lr_ratio': 0.05, 'optimizer': 'sgd', 'momentum': 0.9, 'weight_decay': 0.0005, 'warmup': 'linear', 'warmup_factor': 0.00066667, 'wp_epoch': 1}
==============================
Backbone: SHUFFLENETV2_1.0X
model size is  1.0x
init weights...
==============================
Neck: sppf
==============================
FPN: elan_pafpn
==============================
Head: Decoupled Head
==============================
Head: Decoupled Head
==============================
Head: Decoupled Head
Finished loading model!
{
  "coco_dt": "/tmp/group_b_unified_yolo_three/freeyolo_yolo_free_nano_ch_val_dt.json",
  "detections": 2084192,
  "variant": "yolo_free_nano",
  "weights": "/workspace/models/yolo_free_nano_ch.pth",
  "missing_images": 0
}
--- eval_coco_predictions ---
loading annotations into memory...
Done (t=1.05s)
creating index...
index created!
Loading and preparing results...
DONE (t=6.87s)
creating index...
index created!
Running per image evaluation...
Evaluate annotation type *bbox*
DONE (t=189.34s).
Accumulating evaluation results...
DONE (t=4.31s).
 Average Precision  (AP) @[ IoU=0.50:0.95 | area=   all | maxDets=100 ] = 0.320
 Average Precision  (AP) @[ IoU=0.50      | area=   all | maxDets=100 ] = 0.682
 Average Precision  (AP) @[ IoU=0.75      | area=   all | maxDets=100 ] = 0.260
 Average Precision  (AP) @[ IoU=0.50:0.95 | area= small | maxDets=100 ] = 0.143
 Average Precision  (AP) @[ IoU=0.50:0.95 | area=medium | maxDets=100 ] = 0.296
 Average Precision  (AP) @[ IoU=0.50:0.95 | area= large | maxDets=100 ] = 0.375
 Average Recall     (AR) @[ IoU=0.50:0.95 | area=   all | maxDets=  1 ] = 0.026
 Average Recall     (AR) @[ IoU=0.50:0.95 | area=   all | maxDets= 10 ] = 0.212
 Average Recall     (AR) @[ IoU=0.50:0.95 | area=   all | maxDets=100 ] = 0.424
 Average Recall     (AR) @[ IoU=0.50:0.95 | area= small | maxDets=100 ] = 0.232
 Average Recall     (AR) @[ IoU=0.50:0.95 | area=medium | maxDets=100 ] = 0.392
 Average Recall     (AR) @[ IoU=0.50:0.95 | area= large | maxDets=100 ] = 0.487
Running per image evaluation...
Evaluate annotation type *bbox*
DONE (t=25.15s).
Accumulating evaluation results...
DONE (t=1.12s).
{
  "AP25": 0.841419,
  "AP50": 0.681859,
  "AP75": 0.2595,
  "AP50-95": 0.320213,
  "recall": 0.423903,
  "coco_ar_iou25": 0.893517,
  "coco_precision_r50_iou25": 0.990151,
  "coco_fdr_r50_iou25": 0.009849,
  "coco_ar_iou50": 0.780652,
  "coco_precision_r50_iou50": 0.916699,
  "coco_fdr_r50_iou50": 0.083301,
  "coco_ar_iou75": 0.399795,
  "coco_precision_r50_iou75": 0.0,
  "coco_fdr_r50_iou75": 1.0,
  "precision_iou25": 0.750875,
  "recall_iou25": 0.789347,
  "fdr_iou25": 0.249125,
  "precision_iou50": 0.660952,
  "recall_iou50": 0.694816,
  "fdr_iou50": 0.339048,
  "precision_iou75": 0.3567,
  "recall_iou75": 0.374976,
  "fdr_iou75": 0.6433,
  "precision": 0.660952,
  "fdr": 0.339048
}
