/workspace/group_b/venv_freeyolo/lib/python3.10/site-packages/torch/functional.py:539: UserWarning: torch.meshgrid: in an upcoming release, it will be required to pass the indexing argument. (Triggered internally at /pytorch/aten/src/ATen/native/TensorShape.cpp:3637.)
  return _VF.meshgrid(tensors, **kwargs)  # type: ignore[attr-defined]
use cuda
eval on crowdhuman ...
==============================
Config: YOLO_FREE_TINY ...
==============================
Build YOLO_FREE_TINY ...
==============================
Model Configuration: 
 {'train_size': 640, 'test_size': 640, 'random_size': [320, 352, 384, 416, 448, 480, 512, 544, 576, 608, 640], 'mosaic_prob': 1.0, 'mixup_prob': 0.05, 'format': 'RGB', 'trans_config': {'degrees': 0.0, 'translate': 0.1, 'scale': 0.5, 'shear': 0.0, 'perspective': 0.0, 'hsv_h': 0.015, 'hsv_s': 0.7, 'hsv_v': 0.4}, 'backbone': 'elannet_tiny', 'pretrained': True, 'stride': [8, 16, 32], 'neck': 'spp_block_csp', 'neck_dim': 256, 'expand_ratio': 0.5, 'pooling_size': [5, 9, 13], 'neck_act': 'lrelu', 'neck_norm': 'BN', 'neck_depthwise': False, 'fpn': 'elan_pafpn', 'fpn_size': 'tiny', 'fpn_dim': [128, 256, 256], 'fpn_norm': 'BN', 'fpn_act': 'lrelu', 'fpn_depthwise': False, 'head': 'decoupled_head', 'head_dim': 64, 'head_norm': 'BN', 'head_act': 'lrelu', 'num_cls_head': 2, 'num_reg_head': 2, 'head_depthwise': False, 'head_conv_elan': False, 'matcher': {'center_sampling_radius': 2.5, 'topk_candicate': 10}, 'loss_obj_weight': 1.0, 'loss_cls_weight': 1.0, 'loss_reg_weight': 5.0, 'no_aug_epoch': 15, 'base_lr': 0.00015625, 'min_lr_ratio': 0.05, 'optimizer': 'sgd', 'momentum': 0.9, 'weight_decay': 0.0005, 'warmup': 'linear', 'warmup_factor': 0.00066667, 'wp_epoch': 1}
==============================
Build YOLO_FREE_TINY ...
==============================
Model Configuration: 
 {'train_size': 640, 'test_size': 640, 'random_size': [320, 352, 384, 416, 448, 480, 512, 544, 576, 608, 640], 'mosaic_prob': 1.0, 'mixup_prob': 0.05, 'format': 'RGB', 'trans_config': {'degrees': 0.0, 'translate': 0.1, 'scale': 0.5, 'shear': 0.0, 'perspective': 0.0, 'hsv_h': 0.015, 'hsv_s': 0.7, 'hsv_v': 0.4}, 'backbone': 'elannet_tiny', 'pretrained': True, 'stride': [8, 16, 32], 'neck': 'spp_block_csp', 'neck_dim': 256, 'expand_ratio': 0.5, 'pooling_size': [5, 9, 13], 'neck_act': 'lrelu', 'neck_norm': 'BN', 'neck_depthwise': False, 'fpn': 'elan_pafpn', 'fpn_size': 'tiny', 'fpn_dim': [128, 256, 256], 'fpn_norm': 'BN', 'fpn_act': 'lrelu', 'fpn_depthwise': False, 'head': 'decoupled_head', 'head_dim': 64, 'head_norm': 'BN', 'head_act': 'lrelu', 'num_cls_head': 2, 'num_reg_head': 2, 'head_depthwise': False, 'head_conv_elan': False, 'matcher': {'center_sampling_radius': 2.5, 'topk_candicate': 10}, 'loss_obj_weight': 1.0, 'loss_cls_weight': 1.0, 'loss_reg_weight': 5.0, 'no_aug_epoch': 15, 'base_lr': 0.00015625, 'min_lr_ratio': 0.05, 'optimizer': 'sgd', 'momentum': 0.9, 'weight_decay': 0.0005, 'warmup': 'linear', 'warmup_factor': 0.00066667, 'wp_epoch': 1}
==============================
Backbone: ELANNET_TINY
==============================
Neck: spp_block_csp
==============================
FPN: elan_pafpn
==============================
Head: Decoupled Head
==============================
Head: Decoupled Head
==============================
Head: Decoupled Head
Finished loading model!
==============================
GFLOPs : 13.89
Params : 6.15 M
loading annotations into memory...
Done (t=0.74s)
creating index...
index created!
==============================
Image Set: val
Json file: val.json
use Mosaic Augmentation: 0.0
use Mixup Augmentation: 0.0
==============================
total number of images: 4370
[Eval: 0 / 4370]
[Eval: 500 / 4370]
[Eval: 1000 / 4370]
[Eval: 1500 / 4370]
[Eval: 2000 / 4370]
[Eval: 2500 / 4370]
[Eval: 3000 / 4370]
[Eval: 3500 / 4370]
[Eval: 4000 / 4370]
evaluating ......
Loading and preparing results...
DONE (t=12.34s)
creating index...
index created!
Running per image evaluation...
Evaluate annotation type *bbox*
DONE (t=215.44s).
Accumulating evaluation results...
DONE (t=4.20s).
 Average Precision  (AP) @[ IoU=0.50:0.95 | area=   all | maxDets=100 ] = 0.356
 Average Precision  (AP) @[ IoU=0.50      | area=   all | maxDets=100 ] = 0.717
 Average Precision  (AP) @[ IoU=0.75      | area=   all | maxDets=100 ] = 0.309
 Average Precision  (AP) @[ IoU=0.50:0.95 | area= small | maxDets=100 ] = 0.175
 Average Precision  (AP) @[ IoU=0.50:0.95 | area=medium | maxDets=100 ] = 0.339
 Average Precision  (AP) @[ IoU=0.50:0.95 | area= large | maxDets=100 ] = 0.407
 Average Recall     (AR) @[ IoU=0.50:0.95 | area=   all | maxDets=  1 ] = 0.028
 Average Recall     (AR) @[ IoU=0.50:0.95 | area=   all | maxDets= 10 ] = 0.227
 Average Recall     (AR) @[ IoU=0.50:0.95 | area=   all | maxDets=100 ] = 0.456
 Average Recall     (AR) @[ IoU=0.50:0.95 | area= small | maxDets=100 ] = 0.265
 Average Recall     (AR) @[ IoU=0.50:0.95 | area=medium | maxDets=100 ] = 0.428
 Average Recall     (AR) @[ IoU=0.50:0.95 | area= large | maxDets=100 ] = 0.517
ap50_95 :  0.35638033030909927
ap50 :  0.7165573812460821
