--- dump_freeyolo_crowdhuman_coco_dt (yolo_free_tiny) ---
==============================
Config: YOLO_FREE_TINY ...
==============================
Build YOLO_FREE_TINY ...
==============================
Model Configuration: 
 {'train_size': 640, 'test_size': 640, 'random_size': [320, 352, 384, 416, 448, 480, 512, 544, 576, 608, 640], 'mosaic_prob': 1.0, 'mixup_prob': 0.05, 'format': 'RGB', 'trans_config': {'degrees': 0.0, 'translate': 0.1, 'scale': 0.5, 'shear': 0.0, 'perspective': 0.0, 'hsv_h': 0.015, 'hsv_s': 0.7, 'hsv_v': 0.4}, 'backbone': 'elannet_tiny', 'pretrained': True, 'stride': [8, 16, 32], 'neck': 'spp_block_csp', 'neck_dim': 256, 'expand_ratio': 0.5, 'pooling_size': [5, 9, 13], 'neck_act': 'lrelu', 'neck_norm': 'BN', 'neck_depthwise': False, 'fpn': 'elan_pafpn', 'fpn_size': 'tiny', 'fpn_dim': [128, 256, 256], 'fpn_norm': 'BN', 'fpn_act': 'lrelu', 'fpn_depthwise': False, 'head': 'decoupled_head', 'head_dim': 64, 'head_norm': 'BN', 'head_act': 'lrelu', 'num_cls_head': 2, 'num_reg_head': 2, 'head_depthwise': False, 'head_conv_elan': False, 'matcher': {'center_sampling_radius': 2.5, 'topk_candicate': 10}, 'loss_obj_weight': 1.0, 'loss_cls_weight': 1.0, 'loss_reg_weight': 5.0, 'no_aug_epoch': 15, 'base_lr': 0.00015625, 'min_lr_ratio': 0.05, 'optimizer': 'sgd', 'momentum': 0.9, 'weight_decay': 0.0005, 'warmup': 'linear', 'warmup_factor': 0.00066667, 'wp_epoch': 1}
==============================
Build YOLO_FREE_TINY ...
==============================
Model Configuration: 
 {'train_size': 640, 'test_size': 640, 'random_size': [320, 352, 384, 416, 448, 480, 512, 544, 576, 608, 640], 'mosaic_prob': 1.0, 'mixup_prob': 0.05, 'format': 'RGB', 'trans_config': {'degrees': 0.0, 'translate': 0.1, 'scale': 0.5, 'shear': 0.0, 'perspective': 0.0, 'hsv_h': 0.015, 'hsv_s': 0.7, 'hsv_v': 0.4}, 'backbone': 'elannet_tiny', 'pretrained': True, 'stride': [8, 16, 32], 'neck': 'spp_block_csp', 'neck_dim': 256, 'expand_ratio': 0.5, 'pooling_size': [5, 9, 13], 'neck_act': 'lrelu', 'neck_norm': 'BN', 'neck_depthwise': False, 'fpn': 'elan_pafpn', 'fpn_size': 'tiny', 'fpn_dim': [128, 256, 256], 'fpn_norm': 'BN', 'fpn_act': 'lrelu', 'fpn_depthwise': False, 'head': 'decoupled_head', 'head_dim': 64, 'head_norm': 'BN', 'head_act': 'lrelu', 'num_cls_head': 2, 'num_reg_head': 2, 'head_depthwise': False, 'head_conv_elan': False, 'matcher': {'center_sampling_radius': 2.5, 'topk_candicate': 10}, 'loss_obj_weight': 1.0, 'loss_cls_weight': 1.0, 'loss_reg_weight': 5.0, 'no_aug_epoch': 15, 'base_lr': 0.00015625, 'min_lr_ratio': 0.05, 'optimizer': 'sgd', 'momentum': 0.9, 'weight_decay': 0.0005, 'warmup': 'linear', 'warmup_factor': 0.00066667, 'wp_epoch': 1}
==============================
Backbone: ELANNET_TINY
==============================
Neck: spp_block_csp
==============================
FPN: elan_pafpn
==============================
Head: Decoupled Head
==============================
Head: Decoupled Head
==============================
Head: Decoupled Head
Finished loading model!
{
  "coco_dt": "/tmp/group_b_unified_yolo_three/freeyolo_yolo_free_tiny_ch_val_dt.json",
  "detections": 1903207,
  "variant": "yolo_free_tiny",
  "weights": "/workspace/models/yolo_free_tiny_ch.pth",
  "missing_images": 0
}
--- eval_coco_predictions ---
loading annotations into memory...
Done (t=0.37s)
creating index...
index created!
Loading and preparing results...
DONE (t=5.52s)
creating index...
index created!
Running per image evaluation...
Evaluate annotation type *bbox*
DONE (t=184.33s).
Accumulating evaluation results...
DONE (t=4.30s).
 Average Precision  (AP) @[ IoU=0.50:0.95 | area=   all | maxDets=100 ] = 0.356
 Average Precision  (AP) @[ IoU=0.50      | area=   all | maxDets=100 ] = 0.716
 Average Precision  (AP) @[ IoU=0.75      | area=   all | maxDets=100 ] = 0.308
 Average Precision  (AP) @[ IoU=0.50:0.95 | area= small | maxDets=100 ] = 0.175
 Average Precision  (AP) @[ IoU=0.50:0.95 | area=medium | maxDets=100 ] = 0.339
 Average Precision  (AP) @[ IoU=0.50:0.95 | area= large | maxDets=100 ] = 0.407
 Average Recall     (AR) @[ IoU=0.50:0.95 | area=   all | maxDets=  1 ] = 0.028
 Average Recall     (AR) @[ IoU=0.50:0.95 | area=   all | maxDets= 10 ] = 0.227
 Average Recall     (AR) @[ IoU=0.50:0.95 | area=   all | maxDets=100 ] = 0.456
 Average Recall     (AR) @[ IoU=0.50:0.95 | area= small | maxDets=100 ] = 0.265
 Average Recall     (AR) @[ IoU=0.50:0.95 | area=medium | maxDets=100 ] = 0.428
 Average Recall     (AR) @[ IoU=0.50:0.95 | area= large | maxDets=100 ] = 0.516
Running per image evaluation...
Evaluate annotation type *bbox*
DONE (t=24.55s).
Accumulating evaluation results...
DONE (t=1.08s).
{
  "AP25": 0.860757,
  "AP50": 0.716403,
  "AP75": 0.308386,
  "AP50-95": 0.356308,
  "recall": 0.456033,
  "coco_ar_iou25": 0.903338,
  "coco_precision_r50_iou25": 0.992521,
  "coco_fdr_r50_iou25": 0.007479,
  "coco_ar_iou50": 0.802927,
  "coco_precision_r50_iou50": 0.934811,
  "coco_fdr_r50_iou50": 0.065189,
  "coco_ar_iou75": 0.443994,
  "coco_precision_r50_iou75": 0.0,
  "coco_fdr_r50_iou75": 1.0,
  "precision_iou25": 0.765651,
  "recall_iou25": 0.813462,
  "fdr_iou25": 0.234349,
  "precision_iou50": 0.689383,
  "recall_iou50": 0.732431,
  "fdr_iou50": 0.310617,
  "precision_iou75": 0.399298,
  "recall_iou75": 0.424232,
  "fdr_iou75": 0.600702,
  "precision": 0.689383,
  "fdr": 0.310617
}
