# YOLOv8n-CrowdHuman — unified CrowdHuman val (eval_coco_predictions.py)
# Host: user GPU instance (RTX 4090). Repo: real-time-people-detection-and-tracking-on-edge.
# Procedure: freeyolo_prepare_crowdhuman.py → val.json; dump_ultralytics_coco_dt.py → DT JSON; eval_coco_predictions.py --strict.

[dump_ultralytics_coco_dt.py summary]
{
  "out_json": "/tmp/yolov8n_ch_val_dt.json",
  "detections": 964691,
  "gt_images": 4370,
  "missing_files": 0
}

[eval_coco_predictions.py — pycocotools summarize()]
 Average Precision  (AP) @[ IoU=0.50:0.95 | area=   all | maxDets=100 ] = 0.272
 Average Precision  (AP) @[ IoU=0.50      | area=   all | maxDets=100 ] = 0.570
 Average Precision  (AP) @[ IoU=0.75      | area=   all | maxDets=100 ] = 0.231
 Average Precision  (AP) @[ IoU=0.50:0.95 | area= small | maxDets=100 ] = 0.174
 Average Precision  (AP) @[ IoU=0.50:0.95 | area=medium | maxDets=100 ] = 0.244
 Average Precision  (AP) @[ IoU=0.50:0.95 | area= large | maxDets=100 ] = 0.315
 Average Recall     (AR) @[ IoU=0.50:0.95 | area=   all | maxDets=  1 ] = 0.028
 Average Recall     (AR) @[ IoU=0.50:0.95 | area=   all | maxDets= 10 ] = 0.206
 Average Recall     (AR) @[ IoU=0.50:0.95 | area=   all | maxDets=100 ] = 0.402
 Average Recall     (AR) @[ IoU=0.50:0.95 | area= small | maxDets=100 ] = 0.289
 Average Recall     (AR) @[ IoU=0.50:0.95 | area=medium | maxDets=100 ] = 0.372
 Average Recall     (AR) @[ IoU=0.50:0.95 | area= large | maxDets=100 ] = 0.448

[metrics JSON — docs/benchmark_metrics_schema.md; recall = COCO AR maxDets=100]
{
  "mAP50": 0.570286,
  "mAP50-95": 0.271584,
  "recall": 0.402259
}
